allOfPojoWithMembers=[
private class Validator {
  private boolean isColorValid() {
    return color != null;
  }

  private boolean isAdditionalPropertiesValid() {
    if(getAdditionalProperties_() != null) {
      return getAdditionalProperties_().values().stream().allMatch(this::isAdditionalPropertiesValueValid);
    }

    return false;
  }

  private boolean isAdditionalPropertiesValueValid(Object additionalPropertiesValue) {
    return true;
  }

  private boolean isValid() {
    return isColorValid()
        && asSampleObjectPojo1Dto().isValid()
        && asSampleObjectPojo2Dto().isValid()
        && isAdditionalPropertiesValid();
  }
}
]


anyOfPojoWithDiscriminator=[
private class Validator {

  private boolean isAdditionalPropertiesValid() {
    if(getAdditionalProperties_() != null) {
      return getAdditionalProperties_().values().stream().allMatch(this::isAdditionalPropertiesValueValid);
    }

    return false;
  }

  private boolean isAdditionalPropertiesValueValid(Object additionalPropertiesValue) {
    return true;
  }

  private boolean isValid() {
    return getAnyOfValidCount() >= 1
        && isValidAgainstTheCorrectAnyOfSchema()
        && isAdditionalPropertiesValid();
  }
}
]


anyOfPojoWithMembers=[
private class Validator {
  private boolean isColorValid() {
    return color != null;
  }

  private boolean isAdditionalPropertiesValid() {
    if(getAdditionalProperties_() != null) {
      return getAdditionalProperties_().values().stream().allMatch(this::isAdditionalPropertiesValueValid);
    }

    return false;
  }

  private boolean isAdditionalPropertiesValueValid(Object additionalPropertiesValue) {
    return true;
  }

  private boolean isValid() {
    return isColorValid()
        && getAnyOfValidCount() >= 1
        && isAdditionalPropertiesValid();
  }
}
]


emptyPojo=[
private class Validator {

  private boolean isAdditionalPropertiesValid() {
    if(getAdditionalProperties_() != null) {
      return getAdditionalProperties_().values().stream().allMatch(this::isAdditionalPropertiesValueValid);
    }

    return false;
  }

  private boolean isAdditionalPropertiesValueValid(Object additionalPropertiesValue) {
    return true;
  }

  private boolean isValid() {
    return isAdditionalPropertiesValid();
  }
}
]


illegalIdentifierPojo=[
private class Validator {
  private boolean isSwitchValid() {
    return true;
  }

  private boolean isPoint_Valid() {
    return true;
  }

  private boolean isAdditionalPropertiesValid() {
    if(getAdditionalProperties_() != null) {
      return getAdditionalProperties_().values().stream().allMatch(this::isAdditionalPropertiesValueValid);
    }

    return false;
  }

  private boolean isAdditionalPropertiesValueValid(Object additionalPropertiesValue) {
    return true;
  }

  private boolean isValid() {
    return isSwitchValid()
        && isPoint_Valid()
        && isAdditionalPropertiesValid();
  }
}
]


objectPojoWithMaxPropertyCountConstraint=[
private class Validator {
  private boolean isRequiredStringValValid() {
    if(requiredStringVal != null) {
      return java.util.regex.Pattern.matches("Hello", requiredStringVal);
    }

    return false;
  }

  private boolean isRequiredNullableStringValValid() {
    if(requiredNullableStringVal != null) {
      return java.util.regex.Pattern.matches("Hello", requiredNullableStringVal);
    }

    return isRequiredNullableStringValPresent;
  }

  private boolean isOptionalStringValValid() {
    if(optionalStringVal != null) {
      return java.util.regex.Pattern.matches("Hello", optionalStringVal);
    }

    return isOptionalStringValNotNull;
  }

  private boolean isOptionalNullableStringValValid() {
    if(optionalNullableStringVal != null) {
      return java.util.regex.Pattern.matches("Hello", optionalNullableStringVal);
    }

    return true;
  }

  private boolean isRequiredListWithNullableItemsValid() {
    if(requiredListWithNullableItems != null) {
      return 5 <= requiredListWithNullableItems.size()
          && requiredListWithNullableItems.size() <= 10
          && requiredListWithNullableItems.stream().allMatch(this::isRequiredListWithNullableItemsValueValid);
    }

    return false;
  }

  private boolean isRequiredListWithNullableItemsValueValid(String requiredListWithNullableItemsValue) {
    if(requiredListWithNullableItemsValue != null) {
      return java.util.regex.Pattern.matches("Hello", requiredListWithNullableItemsValue);
    }

    return true;
  }

  private boolean isRequiredNullableListWithNullableItemsValid() {
    if(requiredNullableListWithNullableItems != null) {
      return 5 <= requiredNullableListWithNullableItems.size()
          && requiredNullableListWithNullableItems.size() <= 10
          && requiredNullableListWithNullableItems.stream().allMatch(this::isRequiredNullableListWithNullableItemsValueValid);
    }

    return isRequiredNullableListWithNullableItemsPresent;
  }

  private boolean isRequiredNullableListWithNullableItemsValueValid(String requiredNullableListWithNullableItemsValue) {
    if(requiredNullableListWithNullableItemsValue != null) {
      return java.util.regex.Pattern.matches("Hello", requiredNullableListWithNullableItemsValue);
    }

    return true;
  }

  private boolean isOptionalListWithNullableItemsValid() {
    if(optionalListWithNullableItems != null) {
      return 5 <= optionalListWithNullableItems.size()
          && optionalListWithNullableItems.size() <= 10
          && optionalListWithNullableItems.stream().allMatch(this::isOptionalListWithNullableItemsValueValid);
    }

    return isOptionalListWithNullableItemsNotNull;
  }

  private boolean isOptionalListWithNullableItemsValueValid(String optionalListWithNullableItemsValue) {
    if(optionalListWithNullableItemsValue != null) {
      return java.util.regex.Pattern.matches("Hello", optionalListWithNullableItemsValue);
    }

    return true;
  }

  private boolean isOptionalNullableListWithNullableItemsValid() {
    if(optionalNullableListWithNullableItems != null) {
      return 5 <= optionalNullableListWithNullableItems.size()
          && optionalNullableListWithNullableItems.size() <= 10
          && optionalNullableListWithNullableItems.stream().allMatch(this::isOptionalNullableListWithNullableItemsValueValid);
    }

    return true;
  }

  private boolean isOptionalNullableListWithNullableItemsValueValid(String optionalNullableListWithNullableItemsValue) {
    if(optionalNullableListWithNullableItemsValue != null) {
      return java.util.regex.Pattern.matches("Hello", optionalNullableListWithNullableItemsValue);
    }

    return true;
  }

  private boolean isAdditionalPropertiesValid() {
    if(getAdditionalProperties_() != null) {
      return getAdditionalProperties_().values().stream().allMatch(this::isAdditionalPropertiesValueValid);
    }

    return false;
  }

  private boolean isAdditionalPropertiesValueValid(Object additionalPropertiesValue) {
    return true;
  }

  private boolean isValid() {
    return isRequiredStringValValid()
        && isRequiredNullableStringValValid()
        && isOptionalStringValValid()
        && isOptionalNullableStringValValid()
        && isRequiredListWithNullableItemsValid()
        && isRequiredNullableListWithNullableItemsValid()
        && isOptionalListWithNullableItemsValid()
        && isOptionalNullableListWithNullableItemsValid()
        && getPropertyCount() <= 8
        && isAdditionalPropertiesValid();
  }
}
]


objectPojoWithMinPropertyCountConstraint=[
private class Validator {
  private boolean isRequiredStringValValid() {
    if(requiredStringVal != null) {
      return java.util.regex.Pattern.matches("Hello", requiredStringVal);
    }

    return false;
  }

  private boolean isRequiredNullableStringValValid() {
    if(requiredNullableStringVal != null) {
      return java.util.regex.Pattern.matches("Hello", requiredNullableStringVal);
    }

    return isRequiredNullableStringValPresent;
  }

  private boolean isOptionalStringValValid() {
    if(optionalStringVal != null) {
      return java.util.regex.Pattern.matches("Hello", optionalStringVal);
    }

    return isOptionalStringValNotNull;
  }

  private boolean isOptionalNullableStringValValid() {
    if(optionalNullableStringVal != null) {
      return java.util.regex.Pattern.matches("Hello", optionalNullableStringVal);
    }

    return true;
  }

  private boolean isRequiredListWithNullableItemsValid() {
    if(requiredListWithNullableItems != null) {
      return 5 <= requiredListWithNullableItems.size()
          && requiredListWithNullableItems.size() <= 10
          && requiredListWithNullableItems.stream().allMatch(this::isRequiredListWithNullableItemsValueValid);
    }

    return false;
  }

  private boolean isRequiredListWithNullableItemsValueValid(String requiredListWithNullableItemsValue) {
    if(requiredListWithNullableItemsValue != null) {
      return java.util.regex.Pattern.matches("Hello", requiredListWithNullableItemsValue);
    }

    return true;
  }

  private boolean isRequiredNullableListWithNullableItemsValid() {
    if(requiredNullableListWithNullableItems != null) {
      return 5 <= requiredNullableListWithNullableItems.size()
          && requiredNullableListWithNullableItems.size() <= 10
          && requiredNullableListWithNullableItems.stream().allMatch(this::isRequiredNullableListWithNullableItemsValueValid);
    }

    return isRequiredNullableListWithNullableItemsPresent;
  }

  private boolean isRequiredNullableListWithNullableItemsValueValid(String requiredNullableListWithNullableItemsValue) {
    if(requiredNullableListWithNullableItemsValue != null) {
      return java.util.regex.Pattern.matches("Hello", requiredNullableListWithNullableItemsValue);
    }

    return true;
  }

  private boolean isOptionalListWithNullableItemsValid() {
    if(optionalListWithNullableItems != null) {
      return 5 <= optionalListWithNullableItems.size()
          && optionalListWithNullableItems.size() <= 10
          && optionalListWithNullableItems.stream().allMatch(this::isOptionalListWithNullableItemsValueValid);
    }

    return isOptionalListWithNullableItemsNotNull;
  }

  private boolean isOptionalListWithNullableItemsValueValid(String optionalListWithNullableItemsValue) {
    if(optionalListWithNullableItemsValue != null) {
      return java.util.regex.Pattern.matches("Hello", optionalListWithNullableItemsValue);
    }

    return true;
  }

  private boolean isOptionalNullableListWithNullableItemsValid() {
    if(optionalNullableListWithNullableItems != null) {
      return 5 <= optionalNullableListWithNullableItems.size()
          && optionalNullableListWithNullableItems.size() <= 10
          && optionalNullableListWithNullableItems.stream().allMatch(this::isOptionalNullableListWithNullableItemsValueValid);
    }

    return true;
  }

  private boolean isOptionalNullableListWithNullableItemsValueValid(String optionalNullableListWithNullableItemsValue) {
    if(optionalNullableListWithNullableItemsValue != null) {
      return java.util.regex.Pattern.matches("Hello", optionalNullableListWithNullableItemsValue);
    }

    return true;
  }

  private boolean isAdditionalPropertiesValid() {
    if(getAdditionalProperties_() != null) {
      return getAdditionalProperties_().values().stream().allMatch(this::isAdditionalPropertiesValueValid);
    }

    return false;
  }

  private boolean isAdditionalPropertiesValueValid(Object additionalPropertiesValue) {
    return true;
  }

  private boolean isValid() {
    return isRequiredStringValValid()
        && isRequiredNullableStringValValid()
        && isOptionalStringValValid()
        && isOptionalNullableStringValValid()
        && isRequiredListWithNullableItemsValid()
        && isRequiredNullableListWithNullableItemsValid()
        && isOptionalListWithNullableItemsValid()
        && isOptionalNullableListWithNullableItemsValid()
        && 5 <= getPropertyCount()
        && isAdditionalPropertiesValid();
  }
}
]


objectPojoWithNotAllowedAdditionalProperties=[
private class Validator {
  private boolean isStringValValid() {
    if(stringVal != null) {
      return java.util.regex.Pattern.matches("Hello", stringVal);
    }

    return false;
  }

  private boolean isIntValValid() {
    if(intVal != null) {
      return 10L <= intVal
          && intVal <= 50L;
    }

    return false;
  }

  private boolean isDoubleValValid() {
    if(doubleVal != null) {
      return 0 <= BigDecimal.valueOf(doubleVal).compareTo(new BigDecimal("12.5"))
          && BigDecimal.valueOf(doubleVal).compareTo(new BigDecimal("50.1")) < 0;
    }

    return false;
  }

  private boolean isValid() {
    return isStringValValid()
        && isIntValValid()
        && isDoubleValValid()
        && additionalProperties.isEmpty();
  }
}
]


objectPojoWithNotAnyValueTypeForAdditionalProperties=[
private class Validator {
  private boolean isStringValValid() {
    if(stringVal != null) {
      return java.util.regex.Pattern.matches("Hello", stringVal);
    }

    return false;
  }

  private boolean isIntValValid() {
    if(intVal != null) {
      return 10L <= intVal
          && intVal <= 50L;
    }

    return false;
  }

  private boolean isDoubleValValid() {
    if(doubleVal != null) {
      return 0 <= BigDecimal.valueOf(doubleVal).compareTo(new BigDecimal("12.5"))
          && BigDecimal.valueOf(doubleVal).compareTo(new BigDecimal("50.1")) < 0;
    }

    return false;
  }

  private boolean isAdditionalPropertiesValid() {
    if(getAdditionalProperties_() != null) {
      return getAdditionalProperties_().values().stream().allMatch(this::isAdditionalPropertiesValueValid);
    }

    return false;
  }

  private boolean isAdditionalPropertiesValueValid(String additionalPropertiesValue) {
    return additionalPropertiesValue != null;
  }

  private boolean isValid() {
    return isStringValValid()
        && isIntValValid()
        && isDoubleValValid()
        && isAllAdditionalPropertiesHaveCorrectType()
        && isAdditionalPropertiesValid();
  }
}
]


oneOfPojoWithDiscriminator=[
private class Validator {

  private boolean isAdditionalPropertiesValid() {
    if(getAdditionalProperties_() != null) {
      return getAdditionalProperties_().values().stream().allMatch(this::isAdditionalPropertiesValueValid);
    }

    return false;
  }

  private boolean isAdditionalPropertiesValueValid(Object additionalPropertiesValue) {
    return true;
  }

  private boolean isValid() {
    return getOneOfValidCount() == 1
        && isValidAgainstTheCorrectOneOfSchema()
        && isAdditionalPropertiesValid();
  }
}
]


oneOfPojoWithMembers=[
private class Validator {
  private boolean isColorValid() {
    return color != null;
  }

  private boolean isAdditionalPropertiesValid() {
    if(getAdditionalProperties_() != null) {
      return getAdditionalProperties_().values().stream().allMatch(this::isAdditionalPropertiesValueValid);
    }

    return false;
  }

  private boolean isAdditionalPropertiesValueValid(Object additionalPropertiesValue) {
    return true;
  }

  private boolean isValid() {
    return isColorValid()
        && getOneOfValidCount() == 1
        && isAdditionalPropertiesValid();
  }
}
]


sampleObjectPojo2=[
com.github.muehmar.openapi.util.EmailValidator

private class Validator {
  private boolean isStringValValid() {
    if(stringVal != null) {
      return java.util.regex.Pattern.matches("Hello", stringVal);
    }

    return false;
  }

  private boolean isBirthdateValid() {
    return birthdate != null;
  }

  private boolean isEmailValid() {
    if(email != null) {
      return EmailValidator.isValid(email);
    }

    return false;
  }

  private boolean isAdditionalPropertiesValid() {
    if(getAdditionalProperties_() != null) {
      return getAdditionalProperties_().values().stream().allMatch(this::isAdditionalPropertiesValueValid);
    }

    return false;
  }

  private boolean isAdditionalPropertiesValueValid(Object additionalPropertiesValue) {
    return true;
  }

  private boolean isValid() {
    return isStringValValid()
        && isBirthdateValid()
        && isEmailValid()
        && isAdditionalPropertiesValid();
  }
}
]