zonedDateTimeDeserializer=[
package com.github.muehmar.openapi.util;

import com.fasterxml.jackson.core.JsonParser;
import com.fasterxml.jackson.databind.DeserializationContext;
import com.fasterxml.jackson.databind.JsonDeserializer;
import java.io.IOException;
import java.time.ZonedDateTime;

public class ZonedDateTimeDeserializer extends JsonDeserializer<ZonedDateTime> {

  @Override
  public ZonedDateTime deserialize(JsonParser p, DeserializationContext ctxt) throws IOException {
    return ZonedDateTime.parse(p.getText().trim());
  }
}
]