com.github.muehmar.gradle.openapi.generator.java.generator.pojo.unmaplist.UnmapListMethodTest.unmapListMethod_when_called_then_correctOutput=[
.
.
private static <A, B, C, D, E> List<E> unmapList(
    A list,
    Function<A, B> unwrapList,
    Function<B, List<C>> unmapListType,
    Function<C, D> unwrapListItem,
    Function<D, E> unmapListItemType) {
  if (list == null) {
    return null;
  }

  final B unwrappedList = unwrapList.apply(list);

  if (unwrappedList == null) {
    return null;
  }

  final List<C> unmappedListType = unmapListType.apply(unwrappedList);

  if (unmappedListType == null) {
    return null;
  }

  return unmappedListType.stream()
      .map(i -> i != null ? unwrapListItem.apply(i) : null)
      .map(i -> i != null ? unmapListItemType.apply(i) : null)
      .collect(Collectors.toList());
}
]