allGeneratedClasses=[
AllOfListObjectAllOfDto
AllOfListObjectDto
AllOfMapObjectAllOfDto
AllOfMapObjectDto
AnyOfListObjectAnyOfContainerDto
AnyOfListObjectAnyOfDto
AnyOfListObjectDto
AnyOfMapObjectAnyOfContainerDto
AnyOfMapObjectAnyOfDto
AnyOfMapObjectDto
ArrayAdditionalPropertiesDto
ArrayAdditionalPropertiesPropertyDto
ListObjectDto
MapObjectDto
OneOfListObjectDto
OneOfListObjectOneOfContainerDto
OneOfListObjectOneOfDto
OneOfMapObjectDto
OneOfMapObjectOneOfContainerDto
OneOfMapObjectOneOfDto
PosologyDto
UserDto
]