allUnnecessary=[
.
.
this.optionalListWithNullableItems = optionalListWithNullableItems;
]


autoMapping=[
com.custom.CustomList
com.custom.CustomString

this.optionalListWithNullableItems =
    unmapList(
        optionalListWithNullableItems,
        l -> l.orElse(null),
        l -> CustomList.toList(l),
        i -> i.orElse(null),
        i -> CustomString.toString(i)
    );
]


expressionOnly=[
.
.
optionalListWithNullableItems
]


onlyOptionalMapUnwrapping=[
.
.
this.optionalListWithNullableItems = optionalListWithNullableItems.orElse(null);
]


unmapListAndListItemType=[
com.custom.CustomList
com.custom.CustomString
java.util.function.Function

this.optionalListWithNullableItems =
    unmapList(
        optionalListWithNullableItems,
        Function.identity(),
        l -> CustomList.toList(l),
        Function.identity(),
        i -> CustomString.toString(i)
    );
]


unwrapOptionalListAndListItem=[
java.util.function.Function

this.optionalListWithNullableItems =
    unmapList(
        optionalListWithNullableItems,
        l -> l.orElse(null),
        Function.identity(),
        i -> i.orElse(null),
        Function.identity()
    );
]


unwrapTristateList=[
java.util.function.Function

this.optionalListWithNullableItems =
    unmapList(
        optionalListWithNullableItems,
        l -> l.onValue(val -> val).onNull(() -> null).onAbsent(() -> null),
        Function.identity(),
        Function.identity(),
        Function.identity()
    );
]