generatorSettings[NO_JAVA_DOC]=[
com.fasterxml.jackson.annotation.JsonIgnore
java.util.Optional

@JsonIgnore
public Optional<String> getOptionalStringVal() {
  return Optional.ofNullable(optionalStringVal);
}
]


generatorSettings[PACKAGE_PRIVATE]=[
com.fasterxml.jackson.annotation.JsonIgnore
java.util.Optional

/**
 * OptionalStringVal
 */
@JsonIgnore
Optional<String> getOptionalStringVal() {
  return Optional.ofNullable(optionalStringVal);
}
]


generatorSettings[]=[
com.fasterxml.jackson.annotation.JsonIgnore
java.util.Optional

/**
 * OptionalStringVal
 */
@JsonIgnore
public Optional<String> getOptionalStringVal() {
  return Optional.ofNullable(optionalStringVal);
}
]


genericType=[
com.fasterxml.jackson.annotation.JsonIgnore
java.util.Optional

/**
 * List
 */
@JsonIgnore
public Optional<List<String>> getRequiredStringList() {
  return Optional.ofNullable(requiredStringList);
}
]


mappedString=[
com.fasterxml.jackson.annotation.JsonIgnore
java.util.Optional

/**
 * OptionalStringVal
 */
@JsonIgnore
public Optional<CustomString> getOptionalStringVal() {
  return Optional.ofNullable(optionalStringVal).map(value -> CustomString.fromString(value));
}
]