sampleObjectPojo1WithNonObjectValueType=[
com.fasterxml.jackson.annotation.JsonIgnore
javax.validation.constraints.AssertTrue

@JsonIgnore
@AssertTrue(message = "Not all additional properties are instances of String")
private boolean isAllAdditionalPropertiesHaveCorrectType() {
  return getAdditionalProperties().size() == additionalProperties.size();
}
]


validationDisabled=[
com.fasterxml.jackson.annotation.JsonIgnore

@JsonIgnore
private boolean isAllAdditionalPropertiesHaveCorrectType() {
  return getAdditionalProperties().size() == additionalProperties.size();
}
]