apiTypeWithFactoryMethods=[
com.github.muehmar.UserId

field != null ? UserId.toString(field) : null
]


apiTypeWithInstanceMethods=[
.
.
field != null ? field.toLong() : null
]